# Code generated by cluster-api's prowjob-gen. DO NOT EDIT.
main
main
bar
foobar
1.29